nohup: ignoring input
Found 1 bin(s). Training...

  BIN-RYG-08       only 15 point(s) logged — need 10 points over 0.5 day(s) to train the AI model; using live dashboard value for alerts.
  BIN-RYG-08       rate=   0.0 g/day  forecast=n/a (not depleting) fit(R²)=None  (n=15)
    -> 0.0d left (AI model: None, dashboard: 0.0) is below reorder threshold (2+1d) — alerting
    [!] Email failed to send: (535, b'5.7.8 Username and Password not accepted. For more information, go to\n5.7.8  https://support.google.com/mail/?p=BadCredentials 41be03b00d2f7-cc7c5afb5c9sm326941a12.3 - gsmtp')
    [would WhatsApp] Reorder needed: RYG LED Sensor - 0805 (BIN-RYG-08). Predicted to run out in 0.0 day(s) at 0 g/day. Lead time 2d + buffer 1d.  (WHATSAPP_ENABLED is False)

Predictions written to /bins/{id}/model_prediction in Firebase.
Found 1 bin(s). Training...

  BIN-RYG-08       only 15 point(s) logged — need 10 points over 0.5 day(s) to train the AI model; using live dashboard value for alerts.
  BIN-RYG-08       rate=   0.0 g/day  forecast=n/a (not depleting) fit(R²)=None  (n=15)
    -> 0.0d left (AI model: None, dashboard: 0.0) is below reorder threshold (2+1d) — alerting
    [!] Email failed to send: Connection unexpectedly closed
    [would WhatsApp] Reorder needed: RYG LED Sensor - 0805 (BIN-RYG-08). Predicted to run out in 0.0 day(s) at 0 g/day. Lead time 2d + buffer 1d.  (WHATSAPP_ENABLED is False)

Predictions written to /bins/{id}/model_prediction in Firebase.
Found 1 bin(s). Training...

  BIN-RYG-08       only 15 point(s) logged — need 10 points over 0.5 day(s) to train the AI model; using live dashboard value for alerts.
  BIN-RYG-08       rate=   0.0 g/day  forecast=n/a (not depleting) fit(R²)=None  (n=15)
    -> 0.0d left (AI model: None, dashboard: 0.0) is below reorder threshold (2+1d) — alerting
    [!] Email failed to send: Connection unexpectedly closed
    [would WhatsApp] Reorder needed: RYG LED Sensor - 0805 (BIN-RYG-08). Predicted to run out in 0.0 day(s) at 0 g/day. Lead time 2d + buffer 1d.  (WHATSAPP_ENABLED is False)

Predictions written to /bins/{id}/model_prediction in Firebase.
Found 1 bin(s). Training...

  BIN-RYG-08       only 15 point(s) logged — need 10 points over 0.5 day(s) to train the AI model; using live dashboard value for alerts.
  BIN-RYG-08       rate=   0.0 g/day  forecast=n/a (not depleting) fit(R²)=None  (n=15)
    -> 0.0d left (AI model: None, dashboard: 0.0) is below reorder threshold (2+1d) — alerting
    [!] Email failed to send: Connection unexpectedly closed
    [would WhatsApp] Reorder needed: RYG LED Sensor - 0805 (BIN-RYG-08). Predicted to run out in 0.0 day(s) at 0 g/day. Lead time 2d + buffer 1d.  (WHATSAPP_ENABLED is False)

Predictions written to /bins/{id}/model_prediction in Firebase.
Found 1 bin(s). Training...

  BIN-RYG-08       only 15 point(s) logged — need 10 points over 0.5 day(s) to train the AI model; using live dashboard value for alerts.
  BIN-RYG-08       rate=   0.0 g/day  forecast=n/a (not depleting) fit(R²)=None  (n=15)
    -> 1.3d left (AI model: None, dashboard: 1.3) is below reorder threshold (2+1d) — alerting
    [!] Email failed to send: (535, b'5.7.8 Username and Password not accepted. For more information, go to\n5.7.8  https://support.google.com/mail/?p=BadCredentials d9443c01a7336-2df91477b72sm50081095ad.84 - gsmtp')
    [would WhatsApp] Reorder needed: RYG LED Sensor - 0805 (BIN-RYG-08). Predicted to run out in 1.3 day(s) at 0 g/day. Lead time 2d + buffer 1d.  (WHATSAPP_ENABLED is False)

Predictions written to /bins/{id}/model_prediction in Firebase.
Found 1 bin(s). Training...

  BIN-RYG-08       only 15 point(s) logged — need 10 points over 0.5 day(s) to train the AI model; using live dashboard value for alerts.
  BIN-RYG-08       rate=   0.0 g/day  forecast=n/a (not depleting) fit(R²)=None  (n=15)
    -> 1.3d left (AI model: None, dashboard: 1.3) is below reorder threshold (2+1d) — alerting
    [!] Email failed to send: (535, b'5.7.8 Username and Password not accepted. For more information, go to\n5.7.8  https://support.google.com/mail/?p=BadCredentials d9443c01a7336-2df91476bb4sm50280315ad.83 - gsmtp')
    [would WhatsApp] Reorder needed: RYG LED Sensor - 0805 (BIN-RYG-08). Predicted to run out in 1.3 day(s) at 0 g/day. Lead time 2d + buffer 1d.  (WHATSAPP_ENABLED is False)

Predictions written to /bins/{id}/model_prediction in Firebase.
Found 1 bin(s). Training...

  BIN-RYG-08       only 15 point(s) logged — need 10 points over 0.5 day(s) to train the AI model; using live dashboard value for alerts.
  BIN-RYG-08       rate=   0.0 g/day  forecast=n/a (not depleting) fit(R²)=None  (n=15)
    -> 1.3d left (AI model: None, dashboard: 1.3) is below reorder threshold (2+1d) — alerting
    [!] Email failed to send: (535, b'5.7.8 Username and Password not accepted. For more information, go to\n5.7.8  https://support.google.com/mail/?p=BadCredentials d9443c01a7336-2df914024c4sm49960955ad.31 - gsmtp')
    [would WhatsApp] Reorder needed: RYG LED Sensor - 0805 (BIN-RYG-08). Predicted to run out in 1.3 day(s) at 0 g/day. Lead time 2d + buffer 1d.  (WHATSAPP_ENABLED is False)

Predictions written to /bins/{id}/model_prediction in Firebase.
Found 1 bin(s). Training...

  BIN-RYG-08       only 15 point(s) logged — need 10 points over 0.5 day(s) to train the AI model; using live dashboard value for alerts.
  BIN-RYG-08       rate=   0.0 g/day  forecast=n/a (not depleting) fit(R²)=None  (n=15)
    -> 1.3d left (AI model: None, dashboard: 1.3) is below reorder threshold (2+1d) — alerting
    [!] Email failed to send: Connection unexpectedly closed
    [would WhatsApp] Reorder needed: RYG LED Sensor - 0805 (BIN-RYG-08). Predicted to run out in 1.3 day(s) at 0 g/day. Lead time 2d + buffer 1d.  (WHATSAPP_ENABLED is False)

Predictions written to /bins/{id}/model_prediction in Firebase.
Found 1 bin(s). Training...

  BIN-RYG-08       only 15 point(s) logged — need 10 points over 0.5 day(s) to train the AI model; using live dashboard value for alerts.
  BIN-RYG-08       rate=   0.0 g/day  forecast=n/a (not depleting) fit(R²)=None  (n=15)
    -> 1.3d left (AI model: None, dashboard: 1.3) is below reorder threshold (2+1d) — alerting
    [!] Email failed to send: (535, b'5.7.8 Username and Password not accepted. For more information, go to\n5.7.8  https://support.google.com/mail/?p=BadCredentials d9443c01a7336-2e2ca4041dasm2826695ad.10 - gsmtp')
    [would WhatsApp] Reorder needed: RYG LED Sensor - 0805 (BIN-RYG-08). Predicted to run out in 1.3 day(s) at 0 g/day. Lead time 2d + buffer 1d.  (WHATSAPP_ENABLED is False)

Predictions written to /bins/{id}/model_prediction in Firebase.
Found 1 bin(s). Training...

  BIN-RYG-08       only 15 point(s) logged — need 10 points over 0.5 day(s) to train the AI model; using live dashboard value for alerts.
  BIN-RYG-08       rate=   0.0 g/day  forecast=n/a (not depleting) fit(R²)=None  (n=15)
    -> 1.3d left (AI model: None, dashboard: 1.3) is below reorder threshold (2+1d) — alerting
    [!] Email failed to send: (535, b'5.7.8 Username and Password not accepted. For more information, go to\n5.7.8  https://support.google.com/mail/?p=BadCredentials d2e1a72fcca58-885e1a25be9sm213178b3a.31 - gsmtp')
    [would WhatsApp] Reorder needed: RYG LED Sensor - 0805 (BIN-RYG-08). Predicted to run out in 1.3 day(s) at 0 g/day. Lead time 2d + buffer 1d.  (WHATSAPP_ENABLED is False)

Predictions written to /bins/{id}/model_prediction in Firebase.
Found 1 bin(s). Training...

  BIN-RYG-08       only 15 point(s) logged — need 10 points over 0.5 day(s) to train the AI model; using live dashboard value for alerts.
  BIN-RYG-08       rate=   0.0 g/day  forecast=n/a (not depleting) fit(R²)=None  (n=15)
    -> 1.3d left (AI model: None, dashboard: 1.3) is below reorder threshold (2+1d) — alerting
    [!] Email failed to send: Connection unexpectedly closed
    [would WhatsApp] Reorder needed: RYG LED Sensor - 0805 (BIN-RYG-08). Predicted to run out in 1.3 day(s) at 0 g/day. Lead time 2d + buffer 1d.  (WHATSAPP_ENABLED is False)

Predictions written to /bins/{id}/model_prediction in Firebase.
Found 1 bin(s). Training...

  BIN-RYG-08       only 15 point(s) logged — need 10 points over 0.5 day(s) to train the AI model; using live dashboard value for alerts.
  BIN-RYG-08       rate=   0.0 g/day  forecast=n/a (not depleting) fit(R²)=None  (n=15)
    -> 1.3d left (AI model: None, dashboard: 1.3) is below reorder threshold (2+1d) — alerting
    [!] Email failed to send: Connection unexpectedly closed
    [would WhatsApp] Reorder needed: RYG LED Sensor - 0805 (BIN-RYG-08). Predicted to run out in 1.3 day(s) at 0 g/day. Lead time 2d + buffer 1d.  (WHATSAPP_ENABLED is False)

Predictions written to /bins/{id}/model_prediction in Firebase.
Found 1 bin(s). Training...

  BIN-RYG-08       only 15 point(s) logged — need 10 points over 0.5 day(s) to train the AI model; using live dashboard value for alerts.
  BIN-RYG-08       rate=   0.0 g/day  forecast=n/a (not depleting) fit(R²)=None  (n=15)
    -> 1.3d left (AI model: None, dashboard: 1.3) is below reorder threshold (2+1d) — alerting
    [!] Email failed to send: Connection unexpectedly closed
    [would WhatsApp] Reorder needed: RYG LED Sensor - 0805 (BIN-RYG-08). Predicted to run out in 1.3 day(s) at 0 g/day. Lead time 2d + buffer 1d.  (WHATSAPP_ENABLED is False)

Predictions written to /bins/{id}/model_prediction in Firebase.
Found 1 bin(s). Training...

  BIN-RYG-08       only 15 point(s) logged — need 10 points over 0.5 day(s) to train the AI model; using live dashboard value for alerts.
  BIN-RYG-08       rate=   0.0 g/day  forecast=n/a (not depleting) fit(R²)=None  (n=15)
    -> 1.3d left (AI model: None, dashboard: 1.3) is below reorder threshold (2+1d) — alerting
    [!] Email failed to send: (535, b'5.7.8 Username and Password not accepted. For more information, go to\n5.7.8  https://support.google.com/mail/?p=BadCredentials d9443c01a7336-2df90fc2e5fsm50682555ad.5 - gsmtp')
    [would WhatsApp] Reorder needed: RYG LED Sensor - 0805 (BIN-RYG-08). Predicted to run out in 1.3 day(s) at 0 g/day. Lead time 2d + buffer 1d.  (WHATSAPP_ENABLED is False)

Predictions written to /bins/{id}/model_prediction in Firebase.
Found 1 bin(s). Training...

  BIN-RYG-08       only 15 point(s) logged — need 10 points over 0.5 day(s) to train the AI model; using live dashboard value for alerts.
  BIN-RYG-08       rate=   0.0 g/day  forecast=n/a (not depleting) fit(R²)=None  (n=15)
    -> 1.3d left (AI model: None, dashboard: 1.3) is below reorder threshold (2+1d) — alerting
    [!] Email failed to send: Connection unexpectedly closed
    [would WhatsApp] Reorder needed: RYG LED Sensor - 0805 (BIN-RYG-08). Predicted to run out in 1.3 day(s) at 0 g/day. Lead time 2d + buffer 1d.  (WHATSAPP_ENABLED is False)

Predictions written to /bins/{id}/model_prediction in Firebase.
Found 1 bin(s). Training...

  BIN-RYG-08       only 15 point(s) logged — need 10 points over 0.5 day(s) to train the AI model; using live dashboard value for alerts.
  BIN-RYG-08       rate=   0.0 g/day  forecast=n/a (not depleting) fit(R²)=None  (n=15)
    -> 1.3d left (AI model: None, dashboard: 1.3) is below reorder threshold (2+1d) — alerting
    [!] Email failed to send: (535, b'5.7.8 Username and Password not accepted. For more information, go to\n5.7.8  https://support.google.com/mail/?p=BadCredentials d2e1a72fcca58-885defda094sm238735b3a.4 - gsmtp')
    [would WhatsApp] Reorder needed: RYG LED Sensor - 0805 (BIN-RYG-08). Predicted to run out in 1.3 day(s) at 0 g/day. Lead time 2d + buffer 1d.  (WHATSAPP_ENABLED is False)

Predictions written to /bins/{id}/model_prediction in Firebase.
Found 1 bin(s). Training...

  BIN-RYG-08       only 15 point(s) logged — need 10 points over 0.5 day(s) to train the AI model; using live dashboard value for alerts.
  BIN-RYG-08       rate=   0.0 g/day  forecast=n/a (not depleting) fit(R²)=None  (n=15)
    -> 1.3d left (AI model: None, dashboard: 1.3) is below reorder threshold (2+1d) — alerting
    [!] Email failed to send: (535, b'5.7.8 Username and Password not accepted. For more information, go to\n5.7.8  https://support.google.com/mail/?p=BadCredentials 41be03b00d2f7-cc787905415sm5593711a12.10 - gsmtp')
    [would WhatsApp] Reorder needed: RYG LED Sensor - 0805 (BIN-RYG-08). Predicted to run out in 1.3 day(s) at 0 g/day. Lead time 2d + buffer 1d.  (WHATSAPP_ENABLED is False)

Predictions written to /bins/{id}/model_prediction in Firebase.
Found 1 bin(s). Training...

  BIN-RYG-08       only 15 point(s) logged — need 10 points over 0.5 day(s) to train the AI model; using live dashboard value for alerts.
  BIN-RYG-08       rate=   0.0 g/day  forecast=n/a (not depleting) fit(R²)=None  (n=15)
    -> 1.3d left (AI model: None, dashboard: 1.3) is below reorder threshold (2+1d) — alerting
    [!] Email failed to send: Connection unexpectedly closed
    [would WhatsApp] Reorder needed: RYG LED Sensor - 0805 (BIN-RYG-08). Predicted to run out in 1.3 day(s) at 0 g/day. Lead time 2d + buffer 1d.  (WHATSAPP_ENABLED is False)

Predictions written to /bins/{id}/model_prediction in Firebase.
Found 1 bin(s). Training...

  BIN-RYG-08       only 15 point(s) logged — need 10 points over 0.5 day(s) to train the AI model; using live dashboard value for alerts.
  BIN-RYG-08       rate=   0.0 g/day  forecast=n/a (not depleting) fit(R²)=None  (n=15)
    -> 1.3d left (AI model: None, dashboard: 1.3) is below reorder threshold (2+1d) — alerting
    [!] Email failed to send: Connection unexpectedly closed
    [would WhatsApp] Reorder needed: RYG LED Sensor - 0805 (BIN-RYG-08). Predicted to run out in 1.3 day(s) at 0 g/day. Lead time 2d + buffer 1d.  (WHATSAPP_ENABLED is False)

Predictions written to /bins/{id}/model_prediction in Firebase.
Found 1 bin(s). Training...

  BIN-RYG-08       only 15 point(s) logged — need 10 points over 0.5 day(s) to train the AI model; using live dashboard value for alerts.
  BIN-RYG-08       rate=   0.0 g/day  forecast=n/a (not depleting) fit(R²)=None  (n=15)
    -> 1.3d left (AI model: None, dashboard: 1.3) is below reorder threshold (2+1d) — alerting
    [!] Email failed to send: (535, b'5.7.8 Username and Password not accepted. For more information, go to\n5.7.8  https://support.google.com/mail/?p=BadCredentials 41be03b00d2f7-cc7ac048035sm3013475a12.4 - gsmtp')
    [would WhatsApp] Reorder needed: RYG LED Sensor - 0805 (BIN-RYG-08). Predicted to run out in 1.3 day(s) at 0 g/day. Lead time 2d + buffer 1d.  (WHATSAPP_ENABLED is False)

Predictions written to /bins/{id}/model_prediction in Firebase.
Found 1 bin(s). Training...

  BIN-RYG-08       only 15 point(s) logged — need 10 points over 0.5 day(s) to train the AI model; using live dashboard value for alerts.
  BIN-RYG-08       rate=   0.0 g/day  forecast=n/a (not depleting) fit(R²)=None  (n=15)
    -> 1.3d left (AI model: None, dashboard: 1.3) is below reorder threshold (2+1d) — alerting
    [!] Email failed to send: Connection unexpectedly closed
    [would WhatsApp] Reorder needed: RYG LED Sensor - 0805 (BIN-RYG-08). Predicted to run out in 1.3 day(s) at 0 g/day. Lead time 2d + buffer 1d.  (WHATSAPP_ENABLED is False)

Predictions written to /bins/{id}/model_prediction in Firebase.
Found 1 bin(s). Training...

  BIN-RYG-08       only 15 point(s) logged — need 10 points over 0.5 day(s) to train the AI model; using live dashboard value for alerts.
  BIN-RYG-08       rate=   0.0 g/day  forecast=n/a (not depleting) fit(R²)=None  (n=15)
    -> 1.3d left (AI model: None, dashboard: 1.3) is below reorder threshold (2+1d) — alerting
    [!] Email failed to send: Connection unexpectedly closed
    [would WhatsApp] Reorder needed: RYG LED Sensor - 0805 (BIN-RYG-08). Predicted to run out in 1.3 day(s) at 0 g/day. Lead time 2d + buffer 1d.  (WHATSAPP_ENABLED is False)

Predictions written to /bins/{id}/model_prediction in Firebase.
Found 1 bin(s). Training...

  BIN-RYG-08       only 15 point(s) logged — need 10 points over 0.5 day(s) to train the AI model; using live dashboard value for alerts.
  BIN-RYG-08       rate=   0.0 g/day  forecast=n/a (not depleting) fit(R²)=None  (n=15)
    -> 1.3d left (AI model: None, dashboard: 1.3) is below reorder threshold (2+1d) — alerting
    [!] Email failed to send: Connection unexpectedly closed
    [would WhatsApp] Reorder needed: RYG LED Sensor - 0805 (BIN-RYG-08). Predicted to run out in 1.3 day(s) at 0 g/day. Lead time 2d + buffer 1d.  (WHATSAPP_ENABLED is False)

Predictions written to /bins/{id}/model_prediction in Firebase.
Found 1 bin(s). Training...

  BIN-RYG-08       only 15 point(s) logged — need 10 points over 0.5 day(s) to train the AI model; using live dashboard value for alerts.
  BIN-RYG-08       rate=   0.0 g/day  forecast=n/a (not depleting) fit(R²)=None  (n=15)
    -> 1.3d left (AI model: None, dashboard: 1.3) is below reorder threshold (2+1d) — alerting
    [!] Email failed to send: (535, b'5.7.8 Username and Password not accepted. For more information, go to\n5.7.8  https://support.google.com/mail/?p=BadCredentials d9443c01a7336-2df913dc017sm51922525ad.28 - gsmtp')
    [would WhatsApp] Reorder needed: RYG LED Sensor - 0805 (BIN-RYG-08). Predicted to run out in 1.3 day(s) at 0 g/day. Lead time 2d + buffer 1d.  (WHATSAPP_ENABLED is False)

Predictions written to /bins/{id}/model_prediction in Firebase.
Found 1 bin(s). Training...

  BIN-RYG-08       only 15 point(s) logged — need 10 points over 0.5 day(s) to train the AI model; using live dashboard value for alerts.
  BIN-RYG-08       rate=   0.0 g/day  forecast=n/a (not depleting) fit(R²)=None  (n=15)
    -> 1.3d left (AI model: None, dashboard: 1.3) is below reorder threshold (2+1d) — alerting
    [!] Email failed to send: (535, b'5.7.8 Username and Password not accepted. For more information, go to\n5.7.8  https://support.google.com/mail/?p=BadCredentials d9443c01a7336-2df90fc30bcsm50822905ad.11 - gsmtp')
    [would WhatsApp] Reorder needed: RYG LED Sensor - 0805 (BIN-RYG-08). Predicted to run out in 1.3 day(s) at 0 g/day. Lead time 2d + buffer 1d.  (WHATSAPP_ENABLED is False)

Predictions written to /bins/{id}/model_prediction in Firebase.
Found 1 bin(s). Training...

  BIN-RYG-08       only 15 point(s) logged — need 10 points over 0.5 day(s) to train the AI model; using live dashboard value for alerts.
  BIN-RYG-08       rate=   0.0 g/day  forecast=n/a (not depleting) fit(R²)=None  (n=15)
    -> 1.3d left (AI model: None, dashboard: 1.3) is below reorder threshold (2+1d) — alerting
    [!] Email failed to send: Connection unexpectedly closed
    [would WhatsApp] Reorder needed: RYG LED Sensor - 0805 (BIN-RYG-08). Predicted to run out in 1.3 day(s) at 0 g/day. Lead time 2d + buffer 1d.  (WHATSAPP_ENABLED is False)

Predictions written to /bins/{id}/model_prediction in Firebase.
Found 1 bin(s). Training...

  BIN-RYG-08       only 15 point(s) logged — need 10 points over 0.5 day(s) to train the AI model; using live dashboard value for alerts.
  BIN-RYG-08       rate=   0.0 g/day  forecast=n/a (not depleting) fit(R²)=None  (n=15)
    -> 1.3d left (AI model: None, dashboard: 1.3) is below reorder threshold (2+1d) — alerting
    [!] Email failed to send: (535, b'5.7.8 Username and Password not accepted. For more information, go to\n5.7.8  https://support.google.com/mail/?p=BadCredentials d2e1a72fcca58-885e163f383sm252949b3a.23 - gsmtp')
    [would WhatsApp] Reorder needed: RYG LED Sensor - 0805 (BIN-RYG-08). Predicted to run out in 1.3 day(s) at 0 g/day. Lead time 2d + buffer 1d.  (WHATSAPP_ENABLED is False)

Predictions written to /bins/{id}/model_prediction in Firebase.
Found 1 bin(s). Training...

  BIN-RYG-08       only 15 point(s) logged — need 10 points over 0.5 day(s) to train the AI model; using live dashboard value for alerts.
  BIN-RYG-08       rate=   0.0 g/day  forecast=n/a (not depleting) fit(R²)=None  (n=15)
    -> 1.3d left (AI model: None, dashboard: 1.3) is below reorder threshold (2+1d) — alerting
    [!] Email failed to send: Connection unexpectedly closed
    [would WhatsApp] Reorder needed: RYG LED Sensor - 0805 (BIN-RYG-08). Predicted to run out in 1.3 day(s) at 0 g/day. Lead time 2d + buffer 1d.  (WHATSAPP_ENABLED is False)

Predictions written to /bins/{id}/model_prediction in Firebase.
Found 1 bin(s). Training...

  BIN-RYG-08       only 15 point(s) logged — need 10 points over 0.5 day(s) to train the AI model; using live dashboard value for alerts.
  BIN-RYG-08       rate=   0.0 g/day  forecast=n/a (not depleting) fit(R²)=None  (n=15)
    -> 1.3d left (AI model: None, dashboard: 1.3) is below reorder threshold (2+1d) — alerting
    [!] Email failed to send: (535, b'5.7.8 Username and Password not accepted. For more information, go to\n5.7.8  https://support.google.com/mail/?p=BadCredentials d9443c01a7336-2df90fc30bcsm50931225ad.11 - gsmtp')
    [would WhatsApp] Reorder needed: RYG LED Sensor - 0805 (BIN-RYG-08). Predicted to run out in 1.3 day(s) at 0 g/day. Lead time 2d + buffer 1d.  (WHATSAPP_ENABLED is False)

Predictions written to /bins/{id}/model_prediction in Firebase.
Found 1 bin(s). Training...

  BIN-RYG-08       only 15 point(s) logged — need 10 points over 0.5 day(s) to train the AI model; using live dashboard value for alerts.
  BIN-RYG-08       rate=   0.0 g/day  forecast=n/a (not depleting) fit(R²)=None  (n=15)
    -> 1.3d left (AI model: None, dashboard: 1.3) is below reorder threshold (2+1d) — alerting
    [!] Email failed to send: (535, b'5.7.8 Username and Password not accepted. For more information, go to\n5.7.8  https://support.google.com/mail/?p=BadCredentials d9443c01a7336-2e2c9788aebsm3958555ad.52 - gsmtp')
    [would WhatsApp] Reorder needed: RYG LED Sensor - 0805 (BIN-RYG-08). Predicted to run out in 1.3 day(s) at 0 g/day. Lead time 2d + buffer 1d.  (WHATSAPP_ENABLED is False)

Predictions written to /bins/{id}/model_prediction in Firebase.
Found 1 bin(s). Training...

  BIN-RYG-08       only 15 point(s) logged — need 10 points over 0.5 day(s) to train the AI model; using live dashboard value for alerts.
  BIN-RYG-08       rate=   0.0 g/day  forecast=n/a (not depleting) fit(R²)=None  (n=15)
    -> 2.7d left (AI model: None, dashboard: 2.7) is below reorder threshold (2+1d) — alerting
    [!] Email failed to send: (535, b'5.7.8 Username and Password not accepted. For more information, go to\n5.7.8  https://support.google.com/mail/?p=BadCredentials 41be03b00d2f7-cc7a975b85asm3098488a12.26 - gsmtp')
    [would WhatsApp] Reorder needed: RYG LED Sensor - 0805 (BIN-RYG-08). Predicted to run out in 2.7 day(s) at 0 g/day. Lead time 2d + buffer 1d.  (WHATSAPP_ENABLED is False)

Predictions written to /bins/{id}/model_prediction in Firebase.
Found 1 bin(s). Training...

  BIN-RYG-08       only 15 point(s) logged — need 10 points over 0.5 day(s) to train the AI model; using live dashboard value for alerts.
  BIN-RYG-08       rate=   0.0 g/day  forecast=n/a (not depleting) fit(R²)=None  (n=15)
    -> 1.3d left (AI model: None, dashboard: 1.3) is below reorder threshold (2+1d) — alerting
    [!] Email failed to send: (535, b'5.7.8 Username and Password not accepted. For more information, go to\n5.7.8  https://support.google.com/mail/?p=BadCredentials d9443c01a7336-2df90fbb1f2sm52138795ad.1 - gsmtp')
    [would WhatsApp] Reorder needed: RYG LED Sensor - 0805 (BIN-RYG-08). Predicted to run out in 1.3 day(s) at 0 g/day. Lead time 2d + buffer 1d.  (WHATSAPP_ENABLED is False)

Predictions written to /bins/{id}/model_prediction in Firebase.
Found 1 bin(s). Training...

  BIN-RYG-08       only 15 point(s) logged — need 10 points over 0.5 day(s) to train the AI model; using live dashboard value for alerts.
  BIN-RYG-08       rate=   0.0 g/day  forecast=n/a (not depleting) fit(R²)=None  (n=15)
    -> 1.3d left (AI model: None, dashboard: 1.3) is below reorder threshold (2+1d) — alerting
    [!] Email failed to send: Connection unexpectedly closed
    [would WhatsApp] Reorder needed: RYG LED Sensor - 0805 (BIN-RYG-08). Predicted to run out in 1.3 day(s) at 0 g/day. Lead time 2d + buffer 1d.  (WHATSAPP_ENABLED is False)

Predictions written to /bins/{id}/model_prediction in Firebase.
Found 1 bin(s). Training...

  BIN-RYG-08       only 15 point(s) logged — need 10 points over 0.5 day(s) to train the AI model; using live dashboard value for alerts.
  BIN-RYG-08       rate=   0.0 g/day  forecast=n/a (not depleting) fit(R²)=None  (n=15)
    -> 1.3d left (AI model: None, dashboard: 1.3) is below reorder threshold (2+1d) — alerting
    [!] Email failed to send: Connection unexpectedly closed
    [would WhatsApp] Reorder needed: RYG LED Sensor - 0805 (BIN-RYG-08). Predicted to run out in 1.3 day(s) at 0 g/day. Lead time 2d + buffer 1d.  (WHATSAPP_ENABLED is False)

Predictions written to /bins/{id}/model_prediction in Firebase.
Found 1 bin(s). Training...

  BIN-RYG-08       only 15 point(s) logged — need 10 points over 0.5 day(s) to train the AI model; using live dashboard value for alerts.
  BIN-RYG-08       rate=   0.0 g/day  forecast=n/a (not depleting) fit(R²)=None  (n=15)
    -> 1.3d left (AI model: None, dashboard: 1.3) is below reorder threshold (2+1d) — alerting
    [!] Email failed to send: Connection unexpectedly closed
    [would WhatsApp] Reorder needed: RYG LED Sensor - 0805 (BIN-RYG-08). Predicted to run out in 1.3 day(s) at 0 g/day. Lead time 2d + buffer 1d.  (WHATSAPP_ENABLED is False)

Predictions written to /bins/{id}/model_prediction in Firebase.
